// Jest Snapshot v1, https://goo.gl/fbAQLP

exports[`OfflineNotice rendering should render correctly 1`] = `
<View
  style={
    Object {
      "alignItems": "center",
      "backgroundColor": "#b52424",
      "height": 30,
      "justifyContent": "center",
      "width": "100%",
    }
  }
>
  <Text
    style={
      Array [
        Object {
          "color": "#000000",
          "fontFamily": "Inter-SemiBold",
          "fontSize": 13,
          "lineHeight": 16,
        },
        Object {
          "color": "#ffffff",
        },
      ]
    }
  >
    No internet connection, playing is limited
  </Text>
</View>
`;
