// Jest Snapshot v1, https://goo.gl/fbAQLP

exports[`AudioPlayerSmallEmpty rendering should render correctly 1`] = `
<View
  style={
    Object {
      "backgroundColor": "#040404",
      "borderBottomWidth": 0.5,
      "height": 55,
    }
  }
  testID="AudioPlayerSmallEmpty"
>
  <View
    style={
      Object {
        "alignItems": "center",
        "flexDirection": "row",
        "height": 55,
        "justifyContent": "space-around",
        "left": 0,
        "paddingBottom": 8,
        "paddingLeft": 12,
        "paddingRight": 12,
        "paddingTop": 8,
        "position": "absolute",
        "right": 0,
        "top": 0,
        "zIndex": 10,
      }
    }
  >
    <View
      style={
        Object {
          "alignItems": "center",
          "flex": 1,
          "flexDirection": "row",
          "justifyContent": "center",
        }
      }
    >
      <Text
        style={
          Array [
            Object {
              "color": "#040404",
              "fontFamily": "Inter-SemiBold",
              "fontSize": 15,
              "lineHeight": 23,
            },
            Object {
              "color": "#ffffff",
            },
          ]
        }
        testID="AudioPlayerSmallEmpty-Text-empty"
      >
        Select an article to listen
      </Text>
    </View>
  </View>
</View>
`;
