// Jest Snapshot v1, https://goo.gl/fbAQLP

exports[`Upgrade rendering should render correctly 1`] = `
<View
  style={
    Object {
      "flex": 1,
    }
  }
>
  <RCTScrollView
    contentContainerStyle={
      Object {
        "backgroundColor": "#EEEEEE",
        "paddingTop": 12,
      }
    }
  >
    <View>
      <RCTScrollView
        decelerationRate={0}
        horizontal={true}
        pagingEnabled={true}
        scrollEnabled={true}
        showsHorizontalScrollIndicator={false}
        snapToInterval={696}
        style={
          Object {
            "backgroundColor": "#EEEEEE",
            "marginBottom": 12,
            "paddingLeft": 0,
            "paddingRight": 0,
          }
        }
      >
        <View>
          <View
            style={
              Array [
                Object {
                  "alignItems": "center",
                  "backgroundColor": "#ffffff",
                  "borderRadius": 6,
                  "elevation": 4,
                  "marginBottom": 12,
                  "marginTop": 12,
                  "padding": 12,
                  "shadowColor": "#000",
                  "shadowOffset": Object {
                    "height": 1,
                    "width": 0,
                  },
                  "shadowOpacity": 0.05,
                  "shadowRadius": 5,
                },
                Object {
                  "marginLeft": 33,
                  "marginRight": 6,
                  "width": 684,
                },
              ]
            }
          >
            <View>
              <Text
                style={
                  Object {
                    "color": "#000000",
                    "fontSize": 21,
                    "fontWeight": "normal",
                    "marginBottom": 12,
                    "marginTop": 12,
                  }
                }
              >
                Free
              </Text>
            </View>
            <View
              style={
                Object {
                  "height": 70,
                  "justifyContent": "center",
                }
              }
            >
              <Text
                style={
                  Object {
                    "color": "#000000",
                    "fontSize": 48,
                    "fontWeight": "800",
                    "letterSpacing": -2,
                  }
                }
                testID="Upgrade-Text-price"
              >
                €0
              </Text>
            </View>
            <View>
              <Text
                style={
                  Object {
                    "color": "#222222",
                    "marginBottom": 8,
                    "marginLeft": 4,
                    "marginTop": 6,
                  }
                }
              >
                per month
              </Text>
            </View>
            <View
              style={
                Object {
                  "alignSelf": "stretch",
                  "marginBottom": 6,
                  "marginTop": 12,
                }
              }
            >
              <View
                style={
                  Object {
                    "borderRadius": 3,
                  }
                }
              >
                <View
                  accessible={true}
                  clickable={true}
                  isTVSelectable={true}
                  onClick={[Function]}
                  onResponderGrant={[Function]}
                  onResponderMove={[Function]}
                  onResponderRelease={[Function]}
                  onResponderTerminate={[Function]}
                  onResponderTerminationRequest={[Function]}
                  onStartShouldSetResponder={[Function]}
                  style={
                    Object {
                      "opacity": 1,
                    }
                  }
                  testID="Upgrade-Button"
                >
                  <View
                    style={
                      Object {
                        "alignItems": "center",
                        "backgroundColor": "hsl(208, 8%, 90%)",
                        "borderColor": "#2089dc",
                        "borderRadius": 3,
                        "borderWidth": 0,
                        "flexDirection": "row",
                        "justifyContent": "center",
                        "padding": 8,
                      }
                    }
                  >
                    <Text
                      style={
                        Object {
                          "color": Object {
                            "color": Array [
                              208,
                              8,
                              63,
                            ],
                            "model": "hsl",
                            "valpha": 1,
                          },
                          "fontSize": 18,
                          "paddingBottom": 1,
                          "paddingTop": 2,
                          "textAlign": "center",
                        }
                      }
                    >
                      Current subscription
                    </Text>
                  </View>
                </View>
              </View>
            </View>
            <View
              style={
                Object {
                  "alignItems": "center",
                  "paddingTop": 12,
                }
              }
            >
              <Text
                style={
                  Object {
                    "color": "#000000",
                    "fontSize": 15,
                    "lineHeight": 19.5,
                    "marginBottom": 8,
                    "textAlign": "center",
                  }
                }
              >
                Basic quality voices
              </Text>
              <Text
                style={
                  Object {
                    "color": "#000000",
                    "fontSize": 15,
                    "lineHeight": 19.5,
                    "marginBottom": 8,
                    "textAlign": "center",
                  }
                }
              >
                First 30 minutes using high quality voice
              </Text>
              <Text
                style={
                  Object {
                    "color": "#000000",
                    "fontSize": 15,
                    "lineHeight": 19.5,
                    "marginBottom": 8,
                    "textAlign": "center",
                  }
                }
              >
                One voice option per language
              </Text>
              <Text
                style={
                  Object {
                    "color": "#000000",
                    "fontSize": 15,
                    "lineHeight": 19.5,
                    "marginBottom": 8,
                    "textAlign": "center",
                  }
                }
              >
                Max. 30 minutes per month
              </Text>
              <Text
                style={
                  Object {
                    "color": "#000000",
                    "fontSize": 15,
                    "lineHeight": 19.5,
                    "marginBottom": 8,
                    "textAlign": "center",
                  }
                }
              >
                Unlimited playlist items
              </Text>
              <Text
                style={
                  Object {
                    "color": "#000000",
                    "fontSize": 15,
                    "lineHeight": 19.5,
                    "marginBottom": 8,
                    "textAlign": "center",
                  }
                }
              >
                Some advertisements
              </Text>
            </View>
            <View
              style={
                Object {
                  "marginTop": 12,
                }
              }
            >
              <Text
                style={
                  Object {
                    "color": "#C5C5C5",
                    "textAlign": "center",
                  }
                }
              >
                About 5 articles to audio, per month
              </Text>
            </View>
          </View>
          <View
            style={
              Array [
                Object {
                  "alignItems": "center",
                  "backgroundColor": "#ffffff",
                  "borderRadius": 6,
                  "elevation": 4,
                  "marginBottom": 12,
                  "marginTop": 12,
                  "padding": 12,
                  "shadowColor": "#000",
                  "shadowOffset": Object {
                    "height": 1,
                    "width": 0,
                  },
                  "shadowOpacity": 0.05,
                  "shadowRadius": 5,
                },
                Object {
                  "marginLeft": 6,
                  "marginRight": 6,
                  "width": 684,
                },
              ]
            }
          >
            <View>
              <Text
                style={
                  Object {
                    "color": "#000000",
                    "fontSize": 21,
                    "fontWeight": "normal",
                    "marginBottom": 12,
                    "marginTop": 12,
                  }
                }
              >
                Premium
              </Text>
            </View>
            <View
              style={
                Object {
                  "height": 70,
                  "justifyContent": "center",
                }
              }
            >
              <Text
                style={
                  Object {
                    "color": "#000000",
                    "fontSize": 48,
                    "fontWeight": "800",
                    "letterSpacing": -2,
                  }
                }
                testID="Upgrade-Text-price"
              >
                € 4,99
              </Text>
            </View>
            <View>
              <Text
                style={
                  Object {
                    "color": "#222222",
                    "marginBottom": 8,
                    "marginLeft": 4,
                    "marginTop": 6,
                  }
                }
              >
                per month
              </Text>
            </View>
            <View
              style={
                Object {
                  "alignSelf": "stretch",
                  "marginBottom": 6,
                  "marginTop": 12,
                }
              }
            >
              <View
                style={
                  Object {
                    "borderRadius": 3,
                  }
                }
              >
                <View
                  accessible={true}
                  clickable={true}
                  isTVSelectable={true}
                  onClick={[Function]}
                  onResponderGrant={[Function]}
                  onResponderMove={[Function]}
                  onResponderRelease={[Function]}
                  onResponderTerminate={[Function]}
                  onResponderTerminationRequest={[Function]}
                  onStartShouldSetResponder={[Function]}
                  style={
                    Object {
                      "opacity": 1,
                    }
                  }
                  testID="Upgrade-Button"
                >
                  <View
                    style={
                      Object {
                        "alignItems": "center",
                        "backgroundColor": "#2089dc",
                        "borderColor": "#2089dc",
                        "borderRadius": 3,
                        "borderWidth": 0,
                        "flexDirection": "row",
                        "justifyContent": "center",
                        "padding": 8,
                      }
                    }
                  >
                    <Text
                      style={
                        Object {
                          "color": "white",
                          "fontSize": 18,
                          "paddingBottom": 1,
                          "paddingTop": 2,
                          "textAlign": "center",
                        }
                      }
                    >
                      Start free 3-day trial
                    </Text>
                  </View>
                </View>
              </View>
            </View>
            <View
              style={
                Object {
                  "alignItems": "center",
                  "paddingTop": 12,
                }
              }
            >
              <Text
                style={
                  Object {
                    "color": "#000000",
                    "fontSize": 15,
                    "lineHeight": 19.5,
                    "marginBottom": 8,
                    "textAlign": "center",
                  }
                }
              >
                10+ High Quality voices
              </Text>
              <Text
                style={
                  Object {
                    "color": "#000000",
                    "fontSize": 15,
                    "lineHeight": 19.5,
                    "marginBottom": 8,
                    "textAlign": "center",
                  }
                }
              >
                Multiple voice options per language
              </Text>
              <Text
                style={
                  Object {
                    "color": "#000000",
                    "fontSize": 15,
                    "lineHeight": 19.5,
                    "marginBottom": 8,
                    "textAlign": "center",
                  }
                }
              >
                Max. 120 minutes per month
              </Text>
              <Text
                style={
                  Object {
                    "color": "#000000",
                    "fontSize": 15,
                    "lineHeight": 19.5,
                    "marginBottom": 8,
                    "textAlign": "center",
                  }
                }
              >
                Unlimited playlist items
              </Text>
              <Text
                style={
                  Object {
                    "color": "#000000",
                    "fontSize": 15,
                    "lineHeight": 19.5,
                    "marginBottom": 8,
                    "textAlign": "center",
                  }
                }
              >
                No advertisements
              </Text>
            </View>
            <View
              style={
                Object {
                  "marginTop": 12,
                }
              }
            >
              <Text
                style={
                  Object {
                    "color": "#C5C5C5",
                    "textAlign": "center",
                  }
                }
              >
                About 25 articles to audio, per month
              </Text>
            </View>
            <View>
              <View
                style={
                  Object {
                    "borderRadius": 3,
                  }
                }
              >
                <View
                  accessible={true}
                  clickable={true}
                  isTVSelectable={true}
                  onClick={[Function]}
                  onResponderGrant={[Function]}
                  onResponderMove={[Function]}
                  onResponderRelease={[Function]}
                  onResponderTerminate={[Function]}
                  onResponderTerminationRequest={[Function]}
                  onStartShouldSetResponder={[Function]}
                  style={
                    Object {
                      "opacity": 1,
                    }
                  }
                >
                  <View
                    style={
                      Object {
                        "alignItems": "center",
                        "backgroundColor": "transparent",
                        "borderColor": "#2089dc",
                        "borderRadius": 3,
                        "borderWidth": 0,
                        "flexDirection": "row",
                        "justifyContent": "center",
                        "padding": 8,
                      }
                    }
                  >
                    <Text
                      style={
                        Object {
                          "color": "#2089dc",
                          "fontSize": 15,
                          "paddingBottom": 1,
                          "paddingTop": 2,
                          "textAlign": "center",
                        }
                      }
                    >
                      Restore purchase
                    </Text>
                  </View>
                </View>
              </View>
            </View>
          </View>
          <View
            style={
              Array [
                Object {
                  "alignItems": "center",
                  "backgroundColor": "#ffffff",
                  "borderRadius": 6,
                  "elevation": 4,
                  "marginBottom": 12,
                  "marginTop": 12,
                  "padding": 12,
                  "shadowColor": "#000",
                  "shadowOffset": Object {
                    "height": 1,
                    "width": 0,
                  },
                  "shadowOpacity": 0.05,
                  "shadowRadius": 5,
                },
                Object {
                  "marginLeft": 6,
                  "marginRight": 6,
                  "width": 684,
                },
              ]
            }
          >
            <View>
              <Text
                style={
                  Object {
                    "color": "#000000",
                    "fontSize": 21,
                    "fontWeight": "normal",
                    "marginBottom": 12,
                    "marginTop": 12,
                  }
                }
              >
                Plus
              </Text>
            </View>
            <View
              style={
                Object {
                  "height": 70,
                  "justifyContent": "center",
                }
              }
            >
              <Text
                style={
                  Object {
                    "color": "#000000",
                    "fontSize": 48,
                    "fontWeight": "800",
                    "letterSpacing": -2,
                  }
                }
                testID="Upgrade-Text-price"
              >
                € 9,99
              </Text>
            </View>
            <View>
              <Text
                style={
                  Object {
                    "color": "#222222",
                    "marginBottom": 8,
                    "marginLeft": 4,
                    "marginTop": 6,
                  }
                }
              >
                per month
              </Text>
            </View>
            <View
              style={
                Object {
                  "alignSelf": "stretch",
                  "marginBottom": 6,
                  "marginTop": 12,
                }
              }
            >
              <View
                style={
                  Object {
                    "borderRadius": 3,
                  }
                }
              >
                <View
                  accessible={true}
                  clickable={true}
                  isTVSelectable={true}
                  onClick={[Function]}
                  onResponderGrant={[Function]}
                  onResponderMove={[Function]}
                  onResponderRelease={[Function]}
                  onResponderTerminate={[Function]}
                  onResponderTerminationRequest={[Function]}
                  onStartShouldSetResponder={[Function]}
                  style={
                    Object {
                      "opacity": 1,
                    }
                  }
                  testID="Upgrade-Button"
                >
                  <View
                    style={
                      Object {
                        "alignItems": "center",
                        "backgroundColor": "#2089dc",
                        "borderColor": "#2089dc",
                        "borderRadius": 3,
                        "borderWidth": 0,
                        "flexDirection": "row",
                        "justifyContent": "center",
                        "padding": 8,
                      }
                    }
                  >
                    <Text
                      style={
                        Object {
                          "color": "white",
                          "fontSize": 18,
                          "paddingBottom": 1,
                          "paddingTop": 2,
                          "textAlign": "center",
                        }
                      }
                    >
                      Start free 3-day trial
                    </Text>
                  </View>
                </View>
              </View>
            </View>
            <View
              style={
                Object {
                  "alignItems": "center",
                  "paddingTop": 12,
                }
              }
            >
              <Text
                style={
                  Object {
                    "color": "#000000",
                    "fontSize": 15,
                    "lineHeight": 19.5,
                    "marginBottom": 8,
                    "textAlign": "center",
                  }
                }
              >
                10+ High Quality voices
              </Text>
              <Text
                style={
                  Object {
                    "color": "#000000",
                    "fontSize": 15,
                    "lineHeight": 19.5,
                    "marginBottom": 8,
                    "textAlign": "center",
                  }
                }
              >
                Multiple voice options per language
              </Text>
              <Text
                style={
                  Object {
                    "color": "#000000",
                    "fontSize": 15,
                    "lineHeight": 19.5,
                    "marginBottom": 8,
                    "textAlign": "center",
                  }
                }
              >
                Max. 300 minutes per month
              </Text>
              <Text
                style={
                  Object {
                    "color": "#000000",
                    "fontSize": 15,
                    "lineHeight": 19.5,
                    "marginBottom": 8,
                    "textAlign": "center",
                  }
                }
              >
                Unlimited playlist items
              </Text>
              <Text
                style={
                  Object {
                    "color": "#000000",
                    "fontSize": 15,
                    "lineHeight": 19.5,
                    "marginBottom": 8,
                    "textAlign": "center",
                  }
                }
              >
                No advertisements
              </Text>
            </View>
            <View
              style={
                Object {
                  "marginTop": 12,
                }
              }
            >
              <Text
                style={
                  Object {
                    "color": "#C5C5C5",
                    "textAlign": "center",
                  }
                }
              >
                About 65 articles to audio, per month
              </Text>
            </View>
            <View>
              <View
                style={
                  Object {
                    "borderRadius": 3,
                  }
                }
              >
                <View
                  accessible={true}
                  clickable={true}
                  isTVSelectable={true}
                  onClick={[Function]}
                  onResponderGrant={[Function]}
                  onResponderMove={[Function]}
                  onResponderRelease={[Function]}
                  onResponderTerminate={[Function]}
                  onResponderTerminationRequest={[Function]}
                  onStartShouldSetResponder={[Function]}
                  style={
                    Object {
                      "opacity": 1,
                    }
                  }
                >
                  <View
                    style={
                      Object {
                        "alignItems": "center",
                        "backgroundColor": "transparent",
                        "borderColor": "#2089dc",
                        "borderRadius": 3,
                        "borderWidth": 0,
                        "flexDirection": "row",
                        "justifyContent": "center",
                        "padding": 8,
                      }
                    }
                  >
                    <Text
                      style={
                        Object {
                          "color": "#2089dc",
                          "fontSize": 15,
                          "paddingBottom": 1,
                          "paddingTop": 2,
                          "textAlign": "center",
                        }
                      }
                    >
                      Restore purchase
                    </Text>
                  </View>
                </View>
              </View>
            </View>
          </View>
          <View
            style={
              Array [
                Object {
                  "alignItems": "center",
                  "backgroundColor": "#ffffff",
                  "borderRadius": 6,
                  "elevation": 4,
                  "marginBottom": 12,
                  "marginTop": 12,
                  "padding": 12,
                  "shadowColor": "#000",
                  "shadowOffset": Object {
                    "height": 1,
                    "width": 0,
                  },
                  "shadowOpacity": 0.05,
                  "shadowRadius": 5,
                },
                Object {
                  "marginLeft": 6,
                  "marginRight": 33,
                  "width": 684,
                },
              ]
            }
          >
            <View>
              <Text
                style={
                  Object {
                    "color": "#000000",
                    "fontSize": 21,
                    "fontWeight": "normal",
                    "marginBottom": 12,
                    "marginTop": 12,
                  }
                }
              >
                Unlimited
              </Text>
            </View>
            <View
              style={
                Object {
                  "height": 70,
                  "justifyContent": "center",
                }
              }
            >
              <Text
                style={
                  Object {
                    "color": "#000000",
                    "fontSize": 48,
                    "fontWeight": "800",
                    "letterSpacing": -2,
                  }
                }
                testID="Upgrade-Text-price"
              >
                €0
              </Text>
            </View>
            <View>
              <Text
                style={
                  Object {
                    "color": "#222222",
                    "marginBottom": 8,
                    "marginLeft": 4,
                    "marginTop": 6,
                  }
                }
              >
                per month
              </Text>
            </View>
            <View
              style={
                Object {
                  "alignSelf": "stretch",
                  "marginBottom": 6,
                  "marginTop": 12,
                }
              }
            >
              <View
                style={
                  Object {
                    "borderRadius": 3,
                  }
                }
              >
                <View
                  accessible={true}
                  clickable={true}
                  isTVSelectable={true}
                  onClick={[Function]}
                  onResponderGrant={[Function]}
                  onResponderMove={[Function]}
                  onResponderRelease={[Function]}
                  onResponderTerminate={[Function]}
                  onResponderTerminationRequest={[Function]}
                  onStartShouldSetResponder={[Function]}
                  style={
                    Object {
                      "opacity": 1,
                    }
                  }
                  testID="Upgrade-Button"
                >
                  <View
                    style={
                      Object {
                        "alignItems": "center",
                        "backgroundColor": "hsl(208, 8%, 90%)",
                        "borderColor": "#2089dc",
                        "borderRadius": 3,
                        "borderWidth": 0,
                        "flexDirection": "row",
                        "justifyContent": "center",
                        "padding": 8,
                      }
                    }
                  >
                    <Text
                      style={
                        Object {
                          "color": Object {
                            "color": Array [
                              208,
                              8,
                              63,
                            ],
                            "model": "hsl",
                            "valpha": 1,
                          },
                          "fontSize": 18,
                          "paddingBottom": 1,
                          "paddingTop": 2,
                          "textAlign": "center",
                        }
                      }
                    >
                      Upgrade to Unlimited
                    </Text>
                  </View>
                </View>
              </View>
            </View>
            <View
              style={
                Object {
                  "alignItems": "center",
                  "paddingTop": 12,
                }
              }
            >
              <Text
                style={
                  Object {
                    "color": "#000000",
                    "fontSize": 15,
                    "lineHeight": 19.5,
                    "marginBottom": 8,
                    "textAlign": "center",
                  }
                }
              >
                10+ High Quality voices
              </Text>
              <Text
                style={
                  Object {
                    "color": "#000000",
                    "fontSize": 15,
                    "lineHeight": 19.5,
                    "marginBottom": 8,
                    "textAlign": "center",
                  }
                }
              >
                Multiple voice options per language
              </Text>
              <Text
                style={
                  Object {
                    "color": "#000000",
                    "fontSize": 15,
                    "lineHeight": 19.5,
                    "marginBottom": 8,
                    "textAlign": "center",
                  }
                }
              >
                Unlimited minutes per month
              </Text>
              <Text
                style={
                  Object {
                    "color": "#000000",
                    "fontSize": 15,
                    "lineHeight": 19.5,
                    "marginBottom": 8,
                    "textAlign": "center",
                  }
                }
              >
                Unlimited playlist items
              </Text>
              <Text
                style={
                  Object {
                    "color": "#000000",
                    "fontSize": 15,
                    "lineHeight": 19.5,
                    "marginBottom": 8,
                    "textAlign": "center",
                  }
                }
              >
                No advertisements
              </Text>
            </View>
            <View
              style={
                Object {
                  "marginTop": 12,
                }
              }
            >
              <Text
                style={
                  Object {
                    "color": "#C5C5C5",
                    "textAlign": "center",
                  }
                }
              >
                About 65 articles to audio, per month
              </Text>
            </View>
            <View>
              <View
                style={
                  Object {
                    "borderRadius": 3,
                  }
                }
              >
                <View
                  accessible={true}
                  clickable={true}
                  isTVSelectable={true}
                  onClick={[Function]}
                  onResponderGrant={[Function]}
                  onResponderMove={[Function]}
                  onResponderRelease={[Function]}
                  onResponderTerminate={[Function]}
                  onResponderTerminationRequest={[Function]}
                  onStartShouldSetResponder={[Function]}
                  style={
                    Object {
                      "opacity": 1,
                    }
                  }
                >
                  <View
                    style={
                      Object {
                        "alignItems": "center",
                        "backgroundColor": "transparent",
                        "borderColor": "#2089dc",
                        "borderRadius": 3,
                        "borderWidth": 0,
                        "flexDirection": "row",
                        "justifyContent": "center",
                        "padding": 8,
                      }
                    }
                  >
                    <Text
                      style={
                        Object {
                          "color": "#2089dc",
                          "fontSize": 15,
                          "paddingBottom": 1,
                          "paddingTop": 2,
                          "textAlign": "center",
                        }
                      }
                    >
                      Restore purchase
                    </Text>
                  </View>
                </View>
              </View>
            </View>
          </View>
        </View>
      </RCTScrollView>
      <View
        style={
          Object {
            "backgroundColor": "white",
            "borderTopColor": "#e5e5e5",
            "borderTopWidth": 1,
            "padding": 12,
          }
        }
      >
        <View
          style={
            Object {
              "marginBottom": 12,
            }
          }
        >
          <Text
            style={
              Object {
                "color": "#000000",
                "fontSize": 24,
                "fontWeight": "700",
                "lineHeight": 36,
                "marginBottom": 24,
                "marginTop": 12,
                "textAlign": "center",
              }
            }
          >
            Upgrade to
Premium or Unlimited
          </Text>
          <View
            style={
              Object {
                "alignItems": "center",
                "borderBottomWidth": 1,
                "borderColor": "rgba(0,0,0,0.05)",
                "flex": 1,
                "flexDirection": "row",
                "paddingBottom": 24,
                "paddingTop": 24,
              }
            }
          >
            <Text
              allowFontScaling={false}
              style={
                Array [
                  Object {
                    "color": undefined,
                    "fontSize": 34,
                  },
                  Object {
                    "color": "#037DE2",
                    "marginLeft": 8,
                    "marginRight": 12,
                    "width": 48,
                  },
                  Object {
                    "fontFamily": "FontAwesome5Free-Regular",
                    "fontStyle": "normal",
                    "fontWeight": "normal",
                  },
                  Object {
                    "fontWeight": "400",
                  },
                ]
              }
            >
              
            </Text>
            <View
              style={
                Object {
                  "flex": 1,
                  "flexDirection": "column",
                }
              }
            >
              <Text
                style={
                  Object {
                    "color": "#000000",
                    "fontSize": 17,
                    "fontWeight": "600",
                    "lineHeight": 21,
                    "marginBottom": 4,
                  }
                }
              >
                Higher Quality voices
              </Text>
              <Text
                style={
                  Object {
                    "color": "#222222",
                    "fontSize": 15,
                    "lineHeight": 23,
                  }
                }
              >
                Access to our highest quality Premium voices for easier listening. You can preview these Higher Quality voices in the settings screen.
              </Text>
            </View>
          </View>
          <View
            style={
              Object {
                "alignItems": "center",
                "borderBottomWidth": 1,
                "borderColor": "rgba(0,0,0,0.05)",
                "flex": 1,
                "flexDirection": "row",
                "paddingBottom": 24,
                "paddingTop": 24,
              }
            }
          >
            <Text
              allowFontScaling={false}
              style={
                Array [
                  Object {
                    "color": undefined,
                    "fontSize": 34,
                  },
                  Object {
                    "color": "#037DE2",
                    "marginLeft": 8,
                    "marginRight": 12,
                    "width": 48,
                  },
                  Object {
                    "fontFamily": "FontAwesome5Free-Solid",
                    "fontStyle": "normal",
                    "fontWeight": "normal",
                  },
                  Object {
                    "fontWeight": "900",
                  },
                ]
              }
            >
              
            </Text>
            <View
              style={
                Object {
                  "flex": 1,
                  "flexDirection": "column",
                }
              }
            >
              <Text
                style={
                  Object {
                    "color": "#000000",
                    "fontSize": 17,
                    "fontWeight": "600",
                    "lineHeight": 21,
                    "marginBottom": 4,
                  }
                }
              >
                Voice customization options
              </Text>
              <Text
                style={
                  Object {
                    "color": "#222222",
                    "fontSize": 15,
                    "lineHeight": 23,
                  }
                }
              >
                Choose between a variety of male and female voices with accents like American, British or Australian English.
              </Text>
            </View>
          </View>
          <View
            style={
              Object {
                "alignItems": "center",
                "borderBottomWidth": 1,
                "borderColor": "rgba(0,0,0,0.05)",
                "flex": 1,
                "flexDirection": "row",
                "paddingBottom": 24,
                "paddingTop": 24,
              }
            }
          >
            <Text
              allowFontScaling={false}
              style={
                Array [
                  Object {
                    "color": undefined,
                    "fontSize": 34,
                  },
                  Object {
                    "color": "#037DE2",
                    "marginLeft": 8,
                    "marginRight": 12,
                    "width": 48,
                  },
                  Object {
                    "fontFamily": "FontAwesome5Free-Regular",
                    "fontStyle": "normal",
                    "fontWeight": "normal",
                  },
                  Object {
                    "fontWeight": "400",
                  },
                ]
              }
            >
              
            </Text>
            <View
              style={
                Object {
                  "flex": 1,
                  "flexDirection": "column",
                }
              }
            >
              <Text
                style={
                  Object {
                    "color": "#000000",
                    "fontSize": 17,
                    "fontWeight": "600",
                    "lineHeight": 21,
                    "marginBottom": 4,
                  }
                }
              >
                More listening limits
              </Text>
              <Text
                style={
                  Object {
                    "color": "#222222",
                    "fontSize": 15,
                    "lineHeight": 23,
                  }
                }
              >
                With our Premium and Unlimited subscription you can enjoy higher listening minutes. Unlimited gives you unlimited listening minutes.
              </Text>
            </View>
          </View>
          <View
            style={
              Object {
                "alignItems": "center",
                "borderBottomWidth": 1,
                "borderColor": "rgba(0,0,0,0.05)",
                "flex": 1,
                "flexDirection": "row",
                "paddingBottom": 24,
                "paddingTop": 24,
              }
            }
          >
            <Text
              allowFontScaling={false}
              style={
                Array [
                  Object {
                    "color": undefined,
                    "fontSize": 28,
                  },
                  Object {
                    "color": "#037DE2",
                    "marginLeft": 8,
                    "marginRight": 12,
                    "width": 48,
                  },
                  Object {
                    "fontFamily": "FontAwesome5Free-Solid",
                    "fontStyle": "normal",
                    "fontWeight": "normal",
                  },
                  Object {
                    "fontWeight": "900",
                  },
                ]
              }
            >
              
            </Text>
            <View
              style={
                Object {
                  "flex": 1,
                  "flexDirection": "column",
                }
              }
            >
              <Text
                style={
                  Object {
                    "color": "#000000",
                    "fontSize": 17,
                    "fontWeight": "600",
                    "lineHeight": 21,
                    "marginBottom": 4,
                  }
                }
              >
                No advertisements
              </Text>
              <Text
                style={
                  Object {
                    "color": "#222222",
                    "fontSize": 15,
                    "lineHeight": 23,
                  }
                }
              >
                Sponsored content and advertisements helps us continue to provide a free version of Playpost. After upgrading you won’t see any ads, and you’ll be supporting Playpost more directly!
              </Text>
            </View>
          </View>
        </View>
        <View
          style={
            Object {
              "paddingBottom": 24,
            }
          }
        >
          <Text
            style={
              Object {
                "fontSize": 13,
                "lineHeight": 20,
                "opacity": 0.5,
              }
            }
          >
            Payment will be charged to your 
            Apple ID
             account at the confirmation of purchase. Subscription automatically renews unless it is canceled at least 24 hours before the end of the current period. Your account will be charged for renewal within 24 hours prior to the end of the current period. You can manage and cancel your subscriptions by going to your account settings on the App Store after purchase. Refunds are not available for unused portions of a subscription.
          </Text>
          <View
            style={
              Object {
                "flex": 1,
                "flexDirection": "row",
                "justifyContent": "center",
                "marginBottom": 12,
                "marginTop": 12,
              }
            }
          >
            <Text
              onPress={[Function]}
              style={
                Array [
                  Object {
                    "fontSize": 13,
                    "lineHeight": 20,
                    "opacity": 0.5,
                  },
                  Object {
                    "color": "#000000",
                    "opacity": 1,
                    "textDecorationLine": "underline",
                  },
                ]
              }
            >
              Privacy Policy
            </Text>
            <Text
              style={
                Object {
                  "fontSize": 13,
                  "lineHeight": 20,
                  "opacity": 0.5,
                }
              }
            >
               - 
            </Text>
            <Text
              onPress={[Function]}
              style={
                Array [
                  Object {
                    "fontSize": 13,
                    "lineHeight": 20,
                    "opacity": 0.5,
                  },
                  Object {
                    "color": "#000000",
                    "opacity": 1,
                    "textDecorationLine": "underline",
                  },
                ]
              }
            >
              Terms of Use
            </Text>
            <Text
              style={
                Object {
                  "fontSize": 13,
                  "lineHeight": 20,
                  "opacity": 0.5,
                }
              }
            >
               - 
            </Text>
            <Text
              onPress={[Function]}
              style={
                Array [
                  Object {
                    "fontSize": 13,
                    "lineHeight": 20,
                    "opacity": 0.5,
                  },
                  Object {
                    "color": "#000000",
                    "opacity": 1,
                    "textDecorationLine": "underline",
                  },
                ]
              }
            >
              Acceptable Use Policy
            </Text>
          </View>
          <View
            style={
              Object {
                "marginTop": 18,
              }
            }
          >
            <View
              style={
                Object {
                  "borderRadius": 3,
                }
              }
            >
              <View
                accessible={true}
                clickable={true}
                isTVSelectable={true}
                onClick={[Function]}
                onResponderGrant={[Function]}
                onResponderMove={[Function]}
                onResponderRelease={[Function]}
                onResponderTerminate={[Function]}
                onResponderTerminationRequest={[Function]}
                onStartShouldSetResponder={[Function]}
                style={
                  Object {
                    "opacity": 1,
                  }
                }
              >
                <View
                  style={
                    Object {
                      "alignItems": "center",
                      "backgroundColor": "#2089dc",
                      "borderColor": "#2089dc",
                      "borderRadius": 3,
                      "borderWidth": 0,
                      "flexDirection": "row",
                      "justifyContent": "center",
                      "padding": 8,
                    }
                  }
                >
                  <Text
                    style={
                      Object {
                        "color": "white",
                        "fontSize": 15,
                        "paddingBottom": 1,
                        "paddingTop": 2,
                        "textAlign": "center",
                      }
                    }
                  >
                    Already upgraded? Restore purchase
                  </Text>
                </View>
              </View>
            </View>
          </View>
        </View>
      </View>
    </View>
  </RCTScrollView>
</View>
`;
