// Jest Snapshot v1, https://goo.gl/fbAQLP

exports[`user selector should return the user's selected voices by language name 1`] = `
Object {
  "Dutch": Object {
    "audioProfile": "default",
    "countryCode": "NL",
    "createdAt": "2019-04-25T11:35:03.293Z",
    "exampleAudioUrl": "https://storage-development.playpost.app/voices/d4c0973c-5a36-4950-afe1-3e2224592c20.mp3",
    "gender": "MALE",
    "id": "d4c0973c-5a36-4950-afe1-3e2224592c20",
    "isActive": true,
    "isHighestQuality": false,
    "isLanguageDefault": true,
    "isPremium": false,
    "label": "Ruben",
    "language": Object {
      "code": "nl",
      "createdAt": "2019-05-16T12:52:08.217Z",
      "id": "cd72f71c-dc59-4be7-8a40-0143fe6f0ad9",
      "isActive": true,
      "name": "Dutch",
      "nativeName": "Nederlands",
      "rightToLeft": false,
      "updatedAt": "2019-08-01T14:13:01.760Z",
    },
    "languageCode": "nl-NL",
    "name": "Ruben",
    "naturalSampleRateHertz": null,
    "pitch": 0,
    "quality": "Normal",
    "speakingRate": 1,
    "synthesizer": "AWS",
    "updatedAt": "2019-08-01T14:13:05.559Z",
  },
  "English": Object {
    "audioProfile": "default",
    "countryCode": "US",
    "createdAt": "2019-04-25T11:35:03.678Z",
    "exampleAudioUrl": "https://storage-development.playpost.app/voices/d2ede165-9dc0-4969-af8c-f4ff3716da53.mp3",
    "gender": "FEMALE",
    "id": "d2ede165-9dc0-4969-af8c-f4ff3716da53",
    "isActive": true,
    "isHighestQuality": false,
    "isLanguageDefault": true,
    "isPremium": false,
    "label": "Joanna",
    "language": Object {
      "code": "en",
      "createdAt": "2019-05-16T12:51:57.546Z",
      "id": "95f01039-fe8e-412d-a542-7089303b84c8",
      "isActive": true,
      "name": "English",
      "nativeName": "English",
      "rightToLeft": false,
      "updatedAt": "2019-08-01T14:13:01.327Z",
    },
    "languageCode": "en-US",
    "name": "Joanna",
    "naturalSampleRateHertz": null,
    "pitch": 0,
    "quality": "Normal",
    "speakingRate": 1,
    "synthesizer": "AWS",
    "updatedAt": "2019-08-01T14:13:06.094Z",
  },
  "French": Object {
    "audioProfile": "default",
    "countryCode": "FR",
    "createdAt": "2019-04-25T11:35:03.481Z",
    "exampleAudioUrl": "https://storage-development.playpost.app/voices/8966adf6-ebf6-432e-b2ba-b6d04c332c12.mp3",
    "gender": "FEMALE",
    "id": "8966adf6-ebf6-432e-b2ba-b6d04c332c12",
    "isActive": true,
    "isHighestQuality": false,
    "isLanguageDefault": true,
    "isPremium": false,
    "label": "Céline",
    "language": Object {
      "code": "fr",
      "createdAt": "2019-05-16T12:52:56.203Z",
      "id": "be6b0434-8a3e-4747-863e-1842cf3eadd0",
      "isActive": true,
      "name": "French",
      "nativeName": "Français",
      "rightToLeft": false,
      "updatedAt": "2019-08-01T14:13:01.381Z",
    },
    "languageCode": "fr-FR",
    "name": "Celine",
    "naturalSampleRateHertz": null,
    "pitch": 0,
    "quality": "Normal",
    "speakingRate": 1,
    "synthesizer": "AWS",
    "updatedAt": "2019-08-01T14:13:05.582Z",
  },
  "German": Object {
    "audioProfile": "default",
    "countryCode": "DE",
    "createdAt": "2019-04-25T11:35:03.832Z",
    "exampleAudioUrl": "https://storage-development.playpost.app/voices/7a0adf8e-e4a1-4edd-8030-45b6623fccef.mp3",
    "gender": "MALE",
    "id": "7a0adf8e-e4a1-4edd-8030-45b6623fccef",
    "isActive": true,
    "isHighestQuality": false,
    "isLanguageDefault": true,
    "isPremium": false,
    "label": "Hans",
    "language": Object {
      "code": "de",
      "createdAt": "2019-05-16T12:52:16.404Z",
      "id": "80dacadd-8451-4d50-a3d4-b67d4870f1f9",
      "isActive": true,
      "name": "German",
      "nativeName": "Deutsch",
      "rightToLeft": false,
      "updatedAt": "2019-08-01T14:13:01.296Z",
    },
    "languageCode": "de-DE",
    "name": "Hans",
    "naturalSampleRateHertz": null,
    "pitch": 0,
    "quality": "Normal",
    "speakingRate": 1,
    "synthesizer": "AWS",
    "updatedAt": "2019-08-01T14:13:05.579Z",
  },
  "Spanish": Object {
    "audioProfile": "default",
    "countryCode": "ES",
    "createdAt": "2019-04-25T11:35:03.574Z",
    "exampleAudioUrl": "https://storage-development.playpost.app/voices/b9bf2c50-205e-48e7-9a7c-e3bc91e2615b.mp3",
    "gender": "FEMALE",
    "id": "b9bf2c50-205e-48e7-9a7c-e3bc91e2615b",
    "isActive": true,
    "isHighestQuality": false,
    "isLanguageDefault": true,
    "isPremium": false,
    "label": "Conchita",
    "language": Object {
      "code": "es",
      "createdAt": "2019-05-16T12:52:41.748Z",
      "id": "ba90fa75-e9fd-419d-a0f7-294ac5181bdd",
      "isActive": true,
      "name": "Spanish",
      "nativeName": "Español",
      "rightToLeft": false,
      "updatedAt": "2019-08-01T14:13:01.338Z",
    },
    "languageCode": "es-ES",
    "name": "Conchita",
    "naturalSampleRateHertz": null,
    "pitch": 0,
    "quality": "Normal",
    "speakingRate": 1,
    "synthesizer": "AWS",
    "updatedAt": "2019-08-01T14:13:05.817Z",
  },
}
`;
