// Jest Snapshot v1, https://goo.gl/fbAQLP

exports[`ButtonClose rendering should render correctly 1`] = `
<View
  accessible={true}
  focusable={true}
  hitSlop={
    Object {
      "bottom": 10,
      "left": 10,
      "right": 10,
      "top": 10,
    }
  }
  isTVSelectable={true}
  onClick={[Function]}
  onResponderGrant={[Function]}
  onResponderMove={[Function]}
  onResponderRelease={[Function]}
  onResponderTerminate={[Function]}
  onResponderTerminationRequest={[Function]}
  onStartShouldSetResponder={[Function]}
  style={
    Object {
      "alignItems": "center",
      "backgroundColor": "#ffffff",
      "borderRadius": 32,
      "height": 32,
      "justifyContent": "center",
      "marginRight": 12,
      "opacity": 1,
      "width": 32,
    }
  }
  testID="button-close"
>
  <Text
    allowFontScaling={false}
    style={
      Array [
        Object {
          "color": "#040404",
          "fontSize": 24,
        },
        Object {
          "height": 24,
          "width": 24,
        },
        Object {
          "fontFamily": "Feather",
          "fontStyle": "normal",
          "fontWeight": "normal",
        },
        Object {},
      ]
    }
  >
    
  </Text>
</View>
`;
