// Jest Snapshot v1, https://goo.gl/fbAQLP

exports[`InputGroupEmail rendering should render correctly 1`] = `
<View
  style={
    Object {
      "marginBottom": 14,
    }
  }
>
  <Text
    style={
      Array [
        Object {
          "color": "#090909",
          "fontFamily": "Inter-SemiBold",
          "fontSize": 15,
          "lineHeight": 23,
        },
        Object {
          "marginBottom": 4,
        },
      ]
    }
    testID="InputGroup-Text-label"
  >
    E-mail address
  </Text>
  <TextInput
    allowFontScaling={true}
    autoCapitalize="none"
    blurOnSubmit={false}
    clearButtonMode="always"
    keyboardType="email-address"
    placeholder="john.appleseed@playpost.app"
    rejectResponderTermination={true}
    style={
      Object {
        "alignItems": "center",
        "backgroundColor": "#EEEEEE",
        "borderRadius": 6,
        "fontFamily": "Inter-Regular",
        "fontSize": 15,
        "height": 50,
        "lineHeight": undefined,
        "paddingLeft": 14,
        "paddingRight": 14,
      }
    }
    textContentType="username"
    underlineColorAndroid="transparent"
  />
</View>
`;
