// Jest Snapshot v1, https://goo.gl/fbAQLP

exports[`ButtonVoices rendering should render correctly 1`] = `
<View
  accessible={true}
  isTVSelectable={true}
  onResponderGrant={[Function]}
  onResponderMove={[Function]}
  onResponderRelease={[Function]}
  onResponderTerminate={[Function]}
  onResponderTerminationRequest={[Function]}
  onStartShouldSetResponder={[Function]}
  style={
    Object {
      "alignItems": "center",
      "flex": 1,
      "flexDirection": "row",
      "height": 40,
      "opacity": 1,
      "paddingLeft": 16,
      "width": 56,
    }
  }
  testID="ButtonVoices-button"
>
  <Text
    allowFontScaling={false}
    style={
      Array [
        Object {
          "color": "#03A87C",
          "fontSize": 20,
        },
        Object {},
        Object {
          "fontFamily": "Feather",
          "fontStyle": "normal",
          "fontWeight": "normal",
        },
        Object {},
      ]
    }
  >
    
  </Text>
</View>
`;
