// Jest Snapshot v1, https://goo.gl/fbAQLP

exports[`SignupForm rendering should render correctly 1`] = `
<View
  onLayout={[Function]}
  style={
    Array [
      Object {
        "backgroundColor": "#EEEEEE",
        "flex": 1,
        "padding": 12,
      },
      Object {
        "paddingBottom": 0,
      },
    ]
  }
  testID="signup-form"
>
  <RCTScrollView
    contentContainerStyle={
      Object {
        "flex": 1,
        "flexDirection": "column",
        "justifyContent": "center",
      }
    }
    keyboardShouldPersistTaps="handled"
    style={
      Object {
        "width": "100%",
      }
    }
  >
    <View>
      <TextInput
        autoCapitalize="none"
        autoFocus={false}
        blurOnSubmit={false}
        clearButtonMode="always"
        editable={true}
        keyboardType="email-address"
        onChangeText={[Function]}
        onSubmitEditing={[Function]}
        placeholder="E-mail address"
        returnKeyType="next"
        style={
          Object {
            "alignItems": "center",
            "backgroundColor": "#ffffff",
            "borderColor": "#e5e5e5",
            "borderRadius": 4,
            "borderWidth": 1,
            "fontFamily": "Inter-Regular",
            "fontSize": 16,
            "height": 54,
            "lineHeight": 21,
            "marginBottom": 12,
            "paddingLeft": 12,
            "paddingRight": 12,
          }
        }
        testID="SignupForm-TextInput-email"
        textContentType="username"
        value=""
      />
      <TextInput
        autoCapitalize="none"
        autoFocus={false}
        blurOnSubmit={false}
        clearButtonMode="always"
        editable={true}
        onChangeText={[Function]}
        onSubmitEditing={[Function]}
        placeholder="Your password"
        returnKeyType="done"
        secureTextEntry={true}
        style={
          Object {
            "alignItems": "center",
            "backgroundColor": "#ffffff",
            "borderColor": "#e5e5e5",
            "borderRadius": 4,
            "borderWidth": 1,
            "fontFamily": "Inter-Regular",
            "fontSize": 16,
            "height": 54,
            "lineHeight": 21,
            "marginBottom": 12,
            "paddingLeft": 12,
            "paddingRight": 12,
          }
        }
        testID="SignupForm-TextInput-password"
        textContentType="password"
        value=""
      />
      <View>
        <View
          style={
            Object {
              "borderRadius": 3,
            }
          }
        >
          <View
            accessible={true}
            clickable={true}
            isTVSelectable={true}
            onClick={[Function]}
            onResponderGrant={[Function]}
            onResponderMove={[Function]}
            onResponderRelease={[Function]}
            onResponderTerminate={[Function]}
            onResponderTerminationRequest={[Function]}
            onStartShouldSetResponder={[Function]}
            style={
              Object {
                "opacity": 1,
              }
            }
            testID="SignupForm-Button-signup"
          >
            <View
              style={
                Object {
                  "alignItems": "center",
                  "backgroundColor": "#2089dc",
                  "borderColor": "#2089dc",
                  "borderRadius": 3,
                  "borderWidth": 0,
                  "flexDirection": "row",
                  "justifyContent": "center",
                  "padding": 8,
                }
              }
            >
              <Text
                style={
                  Object {
                    "color": "white",
                    "fontSize": 18,
                    "paddingBottom": 1,
                    "paddingTop": 2,
                    "textAlign": "center",
                  }
                }
              >
                Create account
              </Text>
            </View>
          </View>
        </View>
      </View>
      <View
        style={
          Object {
            "alignItems": "center",
            "justifyContent": "center",
          }
        }
      >
        <View
          style={
            Object {
              "flexDirection": "row",
              "flexWrap": "wrap",
              "justifyContent": "center",
              "maxWidth": 300,
              "textAlign": "center",
            }
          }
        >
          <Text
            style={
              Array [
                Object {
                  "color": "#000000",
                  "fontFamily": "Inter-Regular",
                },
                Object {
                  "color": "#222222",
                  "fontSize": 15,
                  "lineHeight": 23,
                  "textAlign": "center",
                },
              ]
            }
          >
            By signing up you agree to our 
          </Text>
          <Text
            onPress={[Function]}
            style={
              Array [
                Object {
                  "color": "#000000",
                  "fontFamily": "Inter-Regular",
                },
                Array [
                  Object {
                    "color": "#222222",
                    "fontSize": 15,
                    "lineHeight": 23,
                    "textAlign": "center",
                  },
                  Object {
                    "color": "#000000",
                    "textDecorationLine": "underline",
                  },
                ],
              ]
            }
            testID="SignupForm-Text-privacy-policy"
          >
            Privacy Policy
          </Text>
          <Text
            style={
              Array [
                Object {
                  "color": "#000000",
                  "fontFamily": "Inter-Regular",
                },
                Object {
                  "color": "#222222",
                  "fontSize": 15,
                  "lineHeight": 23,
                  "textAlign": "center",
                },
              ]
            }
          >
             and 
          </Text>
          <Text
            onPress={[Function]}
            style={
              Array [
                Object {
                  "color": "#000000",
                  "fontFamily": "Inter-Regular",
                },
                Array [
                  Object {
                    "color": "#222222",
                    "fontSize": 15,
                    "lineHeight": 23,
                    "textAlign": "center",
                  },
                  Object {
                    "color": "#000000",
                    "textDecorationLine": "underline",
                  },
                ],
              ]
            }
            testID="SignupForm-Text-terms"
          >
            Terms of Use
          </Text>
        </View>
      </View>
    </View>
  </RCTScrollView>
</View>
`;
