// Jest Snapshot v1, https://goo.gl/fbAQLP

exports[`ArticleSeperator rendering should render correctly 1`] = `
<View
  style={
    Object {
      "backgroundColor": "#ffffff",
      "paddingLeft": 16,
      "paddingRight": 16,
    }
  }
>
  <View
    style={
      Object {
        "borderBottomColor": "#cccccc",
        "borderBottomWidth": 0.5,
      }
    }
  />
</View>
`;
