// Jest Snapshot v1, https://goo.gl/fbAQLP

exports[`GlobalStatusIndicator rendering should render correctly 1`] = `
<View
  style={
    Object {
      "alignItems": "center",
      "flex": 1,
      "height": 50,
      "justifyContent": "center",
      "position": "absolute",
      "top": -56,
      "width": "100%",
    }
  }
>
  <View
    style={
      Object {
        "alignItems": "center",
        "backgroundColor": "#037DE2",
        "borderRadius": 100,
        "flexDirection": "row",
        "height": 38,
        "justifyContent": "center",
        "paddingLeft": 16,
        "paddingRight": 16,
      }
    }
  >
    <ActivityIndicator
      animating={true}
      color="white"
      hidesWhenStopped={true}
      size="small"
    />
    <Text
      style={
        Object {
          "color": "#ffffff",
          "fontSize": 15,
          "fontWeight": "600",
          "marginLeft": 10,
        }
      }
      testID="GlobalStatusIndicator-label"
    >
      Creating article audio...
    </Text>
  </View>
</View>
`;
