// Jest Snapshot v1, https://goo.gl/fbAQLP

exports[`CenterLoadingIndicator rendering should render correctly 1`] = `
<View
  style={
    Array [
      Object {
        "alignItems": "center",
        "backgroundColor": "#F1F1F1",
        "bottom": 0,
        "flex": 1,
        "height": "100%",
        "justifyContent": "center",
        "left": 0,
        "position": "absolute",
        "right": 0,
        "top": 0,
        "width": "100%",
      },
      Object {
        "backgroundColor": "#F1F1F1",
      },
    ]
  }
>
  <ActivityIndicator
    animating={true}
    color="#999999"
    hidesWhenStopped={true}
    size="small"
  />
</View>
`;
