// Jest Snapshot v1, https://goo.gl/fbAQLP

exports[`ButtonTiny rendering should render correctly 1`] = `
<View
  accessible={true}
  isTVSelectable={true}
  onResponderGrant={[Function]}
  onResponderMove={[Function]}
  onResponderRelease={[Function]}
  onResponderTerminate={[Function]}
  onResponderTerminationRequest={[Function]}
  onStartShouldSetResponder={[Function]}
  style={
    Array [
      Object {
        "alignItems": "center",
        "backgroundColor": "#e5e5e5",
        "borderRadius": 28,
        "flexDirection": "row",
        "height": 28,
        "paddingLeft": 12,
        "paddingRight": 12,
      },
      Object {
        "backgroundColor": undefined,
      },
    ]
  }
  testID="ButtonTiny-Button"
>
  <Text
    style={
      Array [
        Object {
          "fontSize": 13,
          "fontWeight": "600",
        },
        Object {
          "color": undefined,
        },
      ]
    }
  >
    Test
  </Text>
</View>
`;
